
Running 3 tests using 3 workers

[1A[2K[1/3] [chromium] ΓÇ║ tests\e2e.spec.ts:13:3 ΓÇ║ E2End Browser Testing for AI API Rental SaaS ΓÇ║ 01. Should register a new user successfully
[1A[2K[2/3] [chromium] ΓÇ║ tests\e2e.spec.ts:31:3 ΓÇ║ E2End Browser Testing for AI API Rental SaaS ΓÇ║ 02. Should logic back in with the registered user
[1A[2K[3/3] [chromium] ΓÇ║ tests\e2e.spec.ts:46:3 ΓÇ║ E2End Browser Testing for AI API Rental SaaS ΓÇ║ 03. Dashboard should be initially empty
[1A[2K  1) [chromium] ΓÇ║ tests\e2e.spec.ts:31:3 ΓÇ║ E2End Browser Testing for AI API Rental SaaS ΓÇ║ 02. Should logic back in with the registered user 

    Error: page.goto: net::ERR_CONNECTION_REFUSED at http://localhost:5173/login
    Call log:
    [2m  - navigating to "http://localhost:5173/login", waiting until "load"[22m


      31 |   test('02. Should logic back in with the registered user', async ({ page }) => {
      32 |     // Navigate straight to login to ensure fresh auth logic
    > 33 |     await page.goto('http://localhost:5173/login');
         |                ^
      34 |     
      35 |     await page.fill('input[placeholder="Email address"]', testEmail);
      36 |     await page.fill('input[placeholder="Password"]', testPassword);
        at C:\Users\deepa\OneDrive\Desktop\All_Folders\projects\API_on_rent\frontend\tests\e2e.spec.ts:33:16

    Error Context: test-results\e2e-E2End-Browser-Testing--7595e-in-with-the-registered-user-chromium\error-context.md


[1A[2K  2) [chromium] ΓÇ║ tests\e2e.spec.ts:13:3 ΓÇ║ E2End Browser Testing for AI API Rental SaaS ΓÇ║ 01. Should register a new user successfully 

    Error: page.goto: net::ERR_CONNECTION_REFUSED at http://localhost:5173/register
    Call log:
    [2m  - navigating to "http://localhost:5173/register", waiting until "load"[22m


      12 |
      13 |   test('01. Should register a new user successfully', async ({ page }) => {
    > 14 |     await page.goto('http://localhost:5173/register');
         |                ^
      15 |     
      16 |     // Fill the registration form
      17 |     await page.fill('input[placeholder="Email address"]', testEmail);
        at C:\Users\deepa\OneDrive\Desktop\All_Folders\projects\API_on_rent\frontend\tests\e2e.spec.ts:14:16

    Error Context: test-results\e2e-E2End-Browser-Testing--59c81-ter-a-new-user-successfully-chromium\error-context.md


[1A[2K  3) [chromium] ΓÇ║ tests\e2e.spec.ts:46:3 ΓÇ║ E2End Browser Testing for AI API Rental SaaS ΓÇ║ 03. Dashboard should be initially empty 

    Error: page.goto: net::ERR_CONNECTION_REFUSED at http://localhost:5173/login
    Call log:
    [2m  - navigating to "http://localhost:5173/login", waiting until "load"[22m


      45 |
      46 |   test('03. Dashboard should be initially empty', async ({ page }) => {
    > 47 |     await page.goto('http://localhost:5173/login');
         |                ^
      48 |     await page.fill('input[placeholder="Email address"]', testEmail);
      49 |     await page.fill('input[placeholder="Password"]', testPassword);
      50 |     await page.click('button:has-text("Sign In")');
        at C:\Users\deepa\OneDrive\Desktop\All_Folders\projects\API_on_rent\frontend\tests\e2e.spec.ts:47:16

    Error Context: test-results\e2e-E2End-Browser-Testing--16e8b-d-should-be-initially-empty-chromium\error-context.md


[1A[2K  3 failed
    [chromium] ΓÇ║ tests\e2e.spec.ts:13:3 ΓÇ║ E2End Browser Testing for AI API Rental SaaS ΓÇ║ 01. Should register a new user successfully 
    [chromium] ΓÇ║ tests\e2e.spec.ts:31:3 ΓÇ║ E2End Browser Testing for AI API Rental SaaS ΓÇ║ 02. Should logic back in with the registered user 
    [chromium] ΓÇ║ tests\e2e.spec.ts:46:3 ΓÇ║ E2End Browser Testing for AI API Rental SaaS ΓÇ║ 03. Dashboard should be initially empty 

[36m  Serving HTML report at http://localhost:62701. Press Ctrl+C to quit.[39m
